// Jest Snapshot v1, https://goo.gl/fbAQLP

exports[`Performance: metrics evaluates valid input (with lcp) correctly 1`] = `
Object {
  "estimatedInputLatency": 350,
  "estimatedInputLatencyTs": undefined,
  "firstCPUIdle": 10075,
  "firstCPUIdleTs": undefined,
  "firstContentfulPaint": 8828,
  "firstContentfulPaintTs": undefined,
  "firstMeaningfulPaint": 10075,
  "firstMeaningfulPaintTs": undefined,
  "interactive": 37314,
  "interactiveTs": undefined,
  "largestContentfulPaint": 17637,
  "largestContentfulPaintTs": undefined,
  "maxPotentialFID": 922,
  "observedDomContentLoaded": 629,
  "observedDomContentLoadedTs": 1865255323917,
  "observedFirstContentfulPaint": 1210,
  "observedFirstContentfulPaintTs": 1865255904816,
  "observedFirstMeaningfulPaint": 1577,
  "observedFirstMeaningfulPaintTs": 1865256271834,
  "observedFirstPaint": 1210,
  "observedFirstPaintTs": 1865255904816,
  "observedFirstVisualChange": 1209,
  "observedFirstVisualChangeTs": 1865255903830,
  "observedLargestContentfulPaint": 1744,
  "observedLargestContentfulPaintTs": 1865256438474,
  "observedLastVisualChange": 7898,
  "observedLastVisualChangeTs": 1865262592830,
  "observedLoad": 6099,
  "observedLoadTs": 1865260793535,
  "observedNavigationStart": 0,
  "observedNavigationStartTs": 1865254694830,
  "observedSpeedIndex": 2475,
  "observedSpeedIndexTs": 1865257169712,
  "observedTraceEnd": 7908,
  "observedTraceEndTs": 1865262602543,
  "speedIndex": 16307,
  "speedIndexTs": undefined,
  "totalBlockingTime": 4409,
}
`;

exports[`Performance: metrics evaluates valid input correctly 1`] = `
Object {
  "estimatedInputLatency": 78,
  "estimatedInputLatencyTs": undefined,
  "firstCPUIdle": 3351,
  "firstCPUIdleTs": undefined,
  "firstContentfulPaint": 1307,
  "firstContentfulPaintTs": undefined,
  "firstMeaningfulPaint": 1511,
  "firstMeaningfulPaintTs": undefined,
  "interactive": 3427,
  "interactiveTs": undefined,
  "largestContentfulPaint": undefined,
  "largestContentfulPaintTs": undefined,
  "maxPotentialFID": 396,
  "observedDomContentLoaded": 560,
  "observedDomContentLoadedTs": 225414732309,
  "observedFirstContentfulPaint": 499,
  "observedFirstContentfulPaintTs": 225414670885,
  "observedFirstMeaningfulPaint": 783,
  "observedFirstMeaningfulPaintTs": 225414955343,
  "observedFirstPaint": 499,
  "observedFirstPaintTs": 225414670868,
  "observedFirstVisualChange": 520,
  "observedFirstVisualChangeTs": 225414692015,
  "observedLargestContentfulPaint": undefined,
  "observedLargestContentfulPaintTs": undefined,
  "observedLastVisualChange": 818,
  "observedLastVisualChangeTs": 225414990015,
  "observedLoad": 2199,
  "observedLoadTs": 225416370913,
  "observedNavigationStart": 0,
  "observedNavigationStartTs": 225414172015,
  "observedSpeedIndex": 605,
  "observedSpeedIndexTs": 225414776724,
  "observedTraceEnd": 12540,
  "observedTraceEndTs": 225426711887,
  "speedIndex": 1657,
  "speedIndexTs": undefined,
  "totalBlockingTime": 726,
}
`;
